./converted/train/data0000.pkl
./converted/train/data0001.pkl
./converted/train/data0002.pkl
./converted/train/data0003.pkl
./converted/train/data0004.pkl
./converted/train/data0005.pkl
./converted/train/data0006.pkl
./converted/train/data0007.pkl
./converted/train/data0008.pkl
./converted/train/data0009.pkl
./converted/train/data0010.pkl
./converted/train/data0011.pkl
./converted/train/data0012.pkl
./converted/train/data0013.pkl
./converted/train/data0014.pkl
./converted/train/data0015.pkl
./converted/train/data0016.pkl
./converted/train/data0017.pkl
./converted/train/data0018.pkl
./converted/train/data0019.pkl
./converted/train/data0020.pkl
./converted/train/data0021.pkl
./converted/train/data0022.pkl
./converted/train/data0023.pkl
./converted/train/data0024.pkl
./converted/train/data0025.pkl
./converted/train/data0026.pkl
./converted/train/data0027.pkl
./converted/train/data0028.pkl
./converted/train/data0029.pkl
./converted/train/data0030.pkl
./converted/train/data0031.pkl
./converted/train/data0032.pkl
./converted/train/data0033.pkl
./converted/train/data0034.pkl
./converted/train/data0035.pkl
./converted/train/data0036.pkl
./converted/train/data0037.pkl
./converted/train/data0038.pkl
./converted/train/data0039.pkl
./converted/train/data0040.pkl
./converted/train/data0041.pkl
./converted/train/data0042.pkl
./converted/train/data0043.pkl
./converted/train/data0044.pkl
./converted/train/data0045.pkl
./converted/train/data0046.pkl
./converted/train/data0047.pkl
./converted/train/data0048.pkl
./converted/train/data0049.pkl
./converted/train/data0050.pkl
./converted/train/data0051.pkl
./converted/train/data0052.pkl
./converted/train/data0053.pkl
./converted/train/data0054.pkl
./converted/train/data0055.pkl
./converted/train/data0056.pkl
./converted/train/data0057.pkl
./converted/train/data0058.pkl
./converted/train/data0059.pkl
./converted/train/data0060.pkl
./converted/train/data0061.pkl
./converted/train/data0062.pkl
./converted/train/data0063.pkl
./converted/train/data0064.pkl
./converted/train/data0065.pkl
./converted/train/data0066.pkl
./converted/train/data0067.pkl
./converted/train/data0068.pkl
./converted/train/data0069.pkl
./converted/train/data0070.pkl
./converted/train/data0071.pkl
./converted/train/data0072.pkl
./converted/train/data0073.pkl
./converted/train/data0074.pkl
./converted/train/data0075.pkl
./converted/train/data0076.pkl
./converted/train/data0077.pkl
./converted/train/data0078.pkl
./converted/train/data0079.pkl
./converted/train/data0080.pkl
./converted/train/data0081.pkl
./converted/train/data0082.pkl
./converted/train/data0083.pkl
./converted/train/data0084.pkl
./converted/train/data0085.pkl
./converted/train/data0086.pkl
./converted/train/data0087.pkl
./converted/train/data0088.pkl
./converted/train/data0089.pkl
./converted/train/data0090.pkl
./converted/train/data0091.pkl
./converted/train/data0092.pkl
./converted/train/data0093.pkl
./converted/train/data0094.pkl
./converted/train/data0095.pkl
./converted/train/data0096.pkl
./converted/train/data0097.pkl
./converted/train/data0098.pkl
./converted/train/data0099.pkl
./converted/train/data0100.pkl
./converted/train/data0101.pkl
./converted/train/data0102.pkl
./converted/train/data0103.pkl
./converted/train/data0104.pkl
./converted/train/data0105.pkl
./converted/train/data0106.pkl
./converted/train/data0107.pkl
./converted/train/data0108.pkl
./converted/train/data0109.pkl
./converted/train/data0110.pkl
./converted/train/data0111.pkl
./converted/train/data0112.pkl
./converted/train/data0113.pkl
./converted/train/data0114.pkl
./converted/train/data0115.pkl
./converted/train/data0116.pkl
./converted/train/data0117.pkl
./converted/train/data0118.pkl
./converted/train/data0119.pkl
./converted/train/data0120.pkl
./converted/train/data0121.pkl
./converted/train/data0122.pkl
./converted/train/data0123.pkl
./converted/train/data0124.pkl
./converted/train/data0125.pkl
./converted/train/data0126.pkl
./converted/train/data0127.pkl
./converted/train/data0128.pkl
./converted/train/data0129.pkl
./converted/train/data0130.pkl
./converted/train/data0131.pkl
./converted/train/data0132.pkl
./converted/train/data0133.pkl
./converted/train/data0134.pkl
./converted/train/data0135.pkl
./converted/train/data0136.pkl
./converted/train/data0137.pkl
./converted/train/data0138.pkl
./converted/train/data0139.pkl
./converted/train/data0140.pkl
./converted/train/data0141.pkl
./converted/train/data0142.pkl
./converted/train/data0143.pkl
./converted/train/data0144.pkl
./converted/train/data0145.pkl
./converted/train/data0146.pkl
./converted/train/data0147.pkl
./converted/train/data0148.pkl
./converted/train/data0149.pkl
./converted/train/data0150.pkl
./converted/train/data0151.pkl
./converted/train/data0152.pkl
./converted/train/data0153.pkl
./converted/train/data0154.pkl
./converted/train/data0155.pkl
./converted/train/data0156.pkl
./converted/train/data0157.pkl
./converted/train/data0158.pkl
./converted/train/data0159.pkl
./converted/train/data0160.pkl
./converted/train/data0161.pkl
./converted/train/data0162.pkl
./converted/train/data0163.pkl
./converted/train/data0164.pkl
./converted/train/data0165.pkl
./converted/train/data0166.pkl
./converted/train/data0167.pkl
./converted/train/data0168.pkl
./converted/train/data0169.pkl
./converted/train/data0170.pkl
./converted/train/data0171.pkl
./converted/train/data0172.pkl
./converted/train/data0173.pkl
./converted/train/data0174.pkl
./converted/train/data0175.pkl
./converted/train/data0176.pkl
./converted/train/data0177.pkl
./converted/train/data0178.pkl
./converted/train/data0179.pkl
./converted/train/data0180.pkl
./converted/train/data0181.pkl
./converted/train/data0182.pkl
./converted/train/data0183.pkl
./converted/train/data0184.pkl
./converted/train/data0185.pkl
./converted/train/data0186.pkl
./converted/train/data0187.pkl
./converted/train/data0188.pkl
./converted/train/data0189.pkl
./converted/train/data0190.pkl
./converted/train/data0191.pkl
./converted/train/data0192.pkl
./converted/train/data0193.pkl
./converted/train/data0194.pkl
./converted/train/data0195.pkl
./converted/train/data0196.pkl
./converted/train/data0197.pkl
./converted/train/data0198.pkl
./converted/train/data0199.pkl
./converted/train/data0200.pkl
./converted/train/data0201.pkl
./converted/train/data0202.pkl
./converted/train/data0203.pkl
./converted/train/data0204.pkl
./converted/train/data0205.pkl
./converted/train/data0206.pkl
./converted/train/data0207.pkl
./converted/train/data0208.pkl
./converted/train/data0209.pkl
./converted/train/data0210.pkl
./converted/train/data0211.pkl
./converted/train/data0212.pkl
./converted/train/data0213.pkl
./converted/train/data0214.pkl
./converted/train/data0215.pkl
./converted/train/data0216.pkl
./converted/train/data0217.pkl
./converted/train/data0218.pkl
./converted/train/data0219.pkl
./converted/train/data0220.pkl
./converted/train/data0221.pkl
./converted/train/data0222.pkl
./converted/train/data0223.pkl
./converted/train/data0224.pkl
./converted/train/data0225.pkl
./converted/train/data0226.pkl
./converted/train/data0227.pkl
./converted/train/data0228.pkl
./converted/train/data0229.pkl
./converted/train/data0230.pkl
./converted/train/data0231.pkl
./converted/train/data0232.pkl
./converted/train/data0233.pkl
./converted/train/data0234.pkl
./converted/train/data0235.pkl
./converted/train/data0236.pkl
./converted/train/data0237.pkl
./converted/train/data0238.pkl
./converted/train/data0239.pkl
./converted/train/data0240.pkl
./converted/train/data0241.pkl
./converted/train/data0242.pkl
./converted/train/data0243.pkl
./converted/train/data0244.pkl
./converted/train/data0245.pkl
./converted/train/data0246.pkl
./converted/train/data0247.pkl
./converted/train/data0248.pkl
./converted/train/data0249.pkl
./converted/train/data0250.pkl
./converted/train/data0251.pkl
./converted/train/data0252.pkl
./converted/train/data0253.pkl
./converted/train/data0254.pkl
./converted/train/data0255.pkl
./converted/train/data0256.pkl
./converted/train/data0257.pkl
./converted/train/data0258.pkl
./converted/train/data0259.pkl
./converted/train/data0260.pkl
./converted/train/data0261.pkl
./converted/train/data0262.pkl
./converted/train/data0263.pkl
./converted/train/data0264.pkl
./converted/train/data0265.pkl
./converted/train/data0266.pkl
./converted/train/data0267.pkl
./converted/train/data0268.pkl
./converted/train/data0269.pkl
./converted/train/data0270.pkl
./converted/train/data0271.pkl
./converted/train/data0272.pkl
./converted/train/data0273.pkl
./converted/train/data0274.pkl
./converted/train/data0275.pkl
./converted/train/data0276.pkl
./converted/train/data0277.pkl
./converted/train/data0278.pkl
./converted/train/data0279.pkl
./converted/train/data0280.pkl
./converted/train/data0281.pkl
./converted/train/data0282.pkl
./converted/train/data0283.pkl
./converted/train/data0284.pkl
./converted/train/data0285.pkl
./converted/train/data0286.pkl
./converted/train/data0287.pkl
./converted/train/data0288.pkl
./converted/train/data0289.pkl
./converted/train/data0290.pkl
./converted/train/data0291.pkl
./converted/train/data0292.pkl
./converted/train/data0293.pkl
./converted/train/data0294.pkl
./converted/train/data0295.pkl
./converted/train/data0296.pkl
./converted/train/data0297.pkl
./converted/train/data0298.pkl
./converted/train/data0299.pkl
./converted/val/data00.pkl
./converted/val/data01.pkl
./converted/val/data02.pkl
./converted/val/data03.pkl
./converted/val/data04.pkl
./converted/val/data05.pkl
./converted/val/data06.pkl
./converted/val/data07.pkl
./converted/val/data08.pkl
./converted/val/data09.pkl
./converted/val/data10.pkl
./converted/val/data11.pkl
./converted/val/data12.pkl
./converted/val/data13.pkl
./converted/val/data14.pkl
./converted/val/data15.pkl
./converted/val/data16.pkl
./converted/val/data17.pkl
./converted/val/data18.pkl
./converted/val/data19.pkl
./converted/val/data20.pkl
./converted/val/data21.pkl
./converted/val/data22.pkl
./converted/val/data23.pkl
./converted/val/data24.pkl
./converted/val/data25.pkl
./converted/val/data26.pkl
./converted/val/data27.pkl
./converted/val/data28.pkl
./converted/val/data29.pkl
./converted/val/data30.pkl
./converted/val/data31.pkl
./converted/val/data32.pkl
./converted/val/data33.pkl
./converted/val/data34.pkl
./converted/val/data35.pkl
./converted/val/data36.pkl
./converted/val/data37.pkl
./converted/val/data38.pkl
./converted/val/data39.pkl
./converted/val/data40.pkl
./converted/val/data41.pkl
./converted/val/data42.pkl
./converted/val/data43.pkl
./converted/val/data44.pkl
./converted/val/data45.pkl
./converted/val/data46.pkl
./converted/val/data47.pkl
./converted/val/data48.pkl
./converted/val/data49.pkl
